src/components/admin/sales-table.tsx(86,25): error TS6133: 'setExpandedRow' is declared but its value is never read.
src/components/admin/sidebar.tsx(4,1): error TS6133: 'cn' is declared but its value is never read.
src/components/navbar.tsx(1,1): error TS6133: 'React' is declared but its value is never read.
src/components/navbar.tsx(4,1): error TS6133: 'Badge' is declared but its value is never read.
src/components/ui/button.tsx(45,9): error TS2769: No overload matches this call.
  The last overload gave the following error.
    Object literal may only specify known properties, and 'className' does not exist in type 'Partial<unknown> & Attributes'.
